[CREATE GLOBAL4 DATASET]
{
  "root": "C:\\Users\\DOCTOR\\Documents\\GitHub\\YOLOv8\\ultralytics\\datasets\\bridge_ship_distill_global4",
  "splits": {
    "train": {
      "images": 312,
      "label_rows": 565,
      "missing_label_files": 0,
      "bad_rows": 0,
      "class_histogram": {
        "3": 88,
        "0": 477
      }
    },
    "val": {
      "images": 18,
      "label_rows": 25,
      "missing_label_files": 0,
      "bad_rows": 0,
      "class_histogram": {
        "3": 25
      }
    }
  },
  "class_histogram": {
    "3": 113,
    "0": 477
  },
  "label_rows": 590,
  "bad_rows": 0,
  "yaml": {
    "nc": 4,
    "names": [
      "ship",
      "harbor",
      "tank",
      "bridge"
    ]
  },
  "only_allowed_classes": true
}

[EXTERNAL DATA CHECK]
{
  "ship": {
    "root": "C:\\Users\\DOCTOR\\Documents\\GitHub\\YOLOv8\\ultralytics\\datasets\\ship_extratest_no_overlap",
    "modalities": {
      "RGB": {
        "images_dir": "C:\\Users\\DOCTOR\\Documents\\GitHub\\YOLOv8\\ultralytics\\datasets\\ship_extratest_no_overlap\\images\\extratest_rgb",
        "labels_dir": "C:\\Users\\DOCTOR\\Documents\\GitHub\\YOLOv8\\ultralytics\\datasets\\ship_extratest_no_overlap\\labels\\extratest_rgb",
        "image_count": 100,
        "missing_label_files": 0,
        "label_rows": 212,
        "bad_rows": 0,
        "class_histogram": {
          "0": 212
        }
      },
      "SAR": {
        "images_dir": "C:\\Users\\DOCTOR\\Documents\\GitHub\\YOLOv8\\ultralytics\\datasets\\ship_extratest_no_overlap\\images\\extratest_sar",
        "labels_dir": "C:\\Users\\DOCTOR\\Documents\\GitHub\\YOLOv8\\ultralytics\\datasets\\ship_extratest_no_overlap\\labels\\extratest_sar",
        "image_count": 100,
        "missing_label_files": 0,
        "label_rows": 145,
        "bad_rows": 0,
        "class_histogram": {
          "0": 145
        }
      },
      "IR": {
        "images_dir": "C:\\Users\\DOCTOR\\Documents\\GitHub\\YOLOv8\\ultralytics\\datasets\\ship_extratest_no_overlap\\images\\extratest_ir",
        "labels_dir": "C:\\Users\\DOCTOR\\Documents\\GitHub\\YOLOv8\\ultralytics\\datasets\\ship_extratest_no_overlap\\labels\\extratest_ir",
        "image_count": 100,
        "missing_label_files": 0,
        "label_rows": 337,
        "bad_rows": 0,
        "class_histogram": {
          "0": 337
        }
      }
    },
    "class_histogram": {
      "0": 694
    },
    "label_rows": 694,
    "bad_rows": 0,
    "only_expected_class": true
  },
  "bridge": {
    "root": "C:\\Users\\DOCTOR\\Documents\\GitHub\\YOLOv8\\ultralytics\\datasets\\extracttest_bridge",
    "modalities": {
      "RGB": {
        "images_dir": "C:\\Users\\DOCTOR\\Documents\\GitHub\\YOLOv8\\ultralytics\\datasets\\extracttest_bridge\\images\\extratest_rgb",
        "labels_dir": "C:\\Users\\DOCTOR\\Documents\\GitHub\\YOLOv8\\ultralytics\\datasets\\extracttest_bridge\\labels\\extratest_rgb",
        "image_count": 100,
        "missing_label_files": 0,
        "label_rows": 204,
        "bad_rows": 0,
        "class_histogram": {
          "1": 204
        }
      },
      "SAR": {
        "images_dir": "C:\\Users\\DOCTOR\\Documents\\GitHub\\YOLOv8\\ultralytics\\datasets\\extracttest_bridge\\images\\extratest_sar",
        "labels_dir": "C:\\Users\\DOCTOR\\Documents\\GitHub\\YOLOv8\\ultralytics\\datasets\\extracttest_bridge\\labels\\extratest_sar",
        "image_count": 100,
        "missing_label_files": 0,
        "label_rows": 121,
        "bad_rows": 0,
        "class_histogram": {
          "1": 121
        }
      },
      "IR": {
        "images_dir": "C:\\Users\\DOCTOR\\Documents\\GitHub\\YOLOv8\\ultralytics\\datasets\\extracttest_bridge\\images\\extratest_ir",
        "labels_dir": "C:\\Users\\DOCTOR\\Documents\\GitHub\\YOLOv8\\ultralytics\\datasets\\extracttest_bridge\\labels\\extratest_ir",
        "image_count": 100,
        "missing_label_files": 0,
        "label_rows": 106,
        "bad_rows": 0,
        "class_histogram": {
          "1": 106
        }
      }
    },
    "class_histogram": {
      "1": 431
    },
    "label_rows": 431,
    "bad_rows": 0,
    "only_expected_class": true
  }
}

[LEAKAGE CHECK]
{
  "train_image_count": 312,
  "val_image_count": 18,
  "external_ship_image_count": 300,
  "external_bridge_image_count": 300,
  "train_val_vs_ship": {
    "hash_overlap_count": 0,
    "stem_overlap_count": 0,
    "hash_overlap_examples": [],
    "stem_overlap_examples": []
  },
  "train_val_vs_bridge": {
    "hash_overlap_count": 0,
    "stem_overlap_count": 0,
    "hash_overlap_examples": [],
    "stem_overlap_examples": []
  },
  "leakage_detected": false,
  "possible_name_overlap": false
}

[LOAD AND PRE-TRAIN PROBE]
{
  "wrapper_type": "ultralytics.models.yolo.model.YOLOE",
  "model_class": "ultralytics.nn.tasks.YOLOESegModel",
  "task": {
    "wrapper.task": "segment",
    "inner.task": "segment",
    "inner.args.task": "segment"
  },
  "head": "ultralytics.nn.modules.head.YOLOESegment",
  "nc": 4,
  "no": 68,
  "is_fused": true,
  "pe_shape": [
    1,
    4,
    512
  ],
  "score_channels_seen": [
    4
  ],
  "names": {
    "0": "ship",
    "1": "harbor",
    "2": "tank",
    "3": "bridge"
  },
  "total_params": 11791644,
  "trainable_params": 0
}

[EPOCH 0 SHIP EXTERNAL]
RGB: GT=212 pred=229 TP/FP/FN=204/25/8 P=0.890830 R=0.962264 AP50=0.950989
SAR: GT=145 pred=161 TP/FP/FN=133/28/12 P=0.826087 R=0.917241 AP50=0.897227
IR: GT=337 pred=359 TP/FP/FN=315/44/22 P=0.877437 R=0.934718 AP50=0.915542
ALL: GT=694 pred=749 TP/FP/FN=652/97/42 P=0.870494 R=0.939481 AP50=0.921346

[100-EPOCH BOX-ONLY BRIDGE-ROW TRAINING]
epoch 001/100: total=8.846414 box=0.349671 cls=0.899413 dfl=0.962520 grad=6.912825 old_rows=True unrelated=True
epoch 002/100: total=8.621471 box=0.359968 cls=0.830006 dfl=0.965394 grad=7.047339 old_rows=True unrelated=True
epoch 003/100: total=8.726283 box=0.383155 cls=0.820231 dfl=0.978185 grad=27.004577 old_rows=True unrelated=True
epoch 004/100: total=8.802559 box=0.414230 cls=0.805984 dfl=0.980426 grad=19.478289 old_rows=True unrelated=True
epoch 005/100: total=8.431790 box=0.372062 cls=0.768296 dfl=0.967589 grad=7.766499 old_rows=True unrelated=True
epoch 006/100: total=8.084324 box=0.356682 cls=0.699203 dfl=0.965196 grad=9.303203 old_rows=True unrelated=True
epoch 007/100: total=8.088217 box=0.352040 cls=0.718922 dfl=0.951093 grad=8.260928 old_rows=True unrelated=True
epoch 008/100: total=8.060191 box=0.353887 cls=0.701854 dfl=0.959306 grad=5.791797 old_rows=True unrelated=True
epoch 009/100: total=8.617753 box=0.394624 cls=0.761605 dfl=0.998209 grad=19.093075 old_rows=True unrelated=True
epoch 010/100: total=8.712281 box=0.412593 cls=0.765239 dfl=1.000238 grad=15.332775 old_rows=True unrelated=True
epoch 011/100: total=8.494530 box=0.388370 cls=0.760323 dfl=0.974940 grad=18.530874 old_rows=True unrelated=True
epoch 012/100: total=8.439072 box=0.382499 cls=0.748245 dfl=0.979025 grad=7.202624 old_rows=True unrelated=True
epoch 013/100: total=8.170151 box=0.364115 cls=0.718707 dfl=0.959716 grad=8.776158 old_rows=True unrelated=True
epoch 014/100: total=8.191210 box=0.361983 cls=0.725568 dfl=0.960252 grad=7.228997 old_rows=True unrelated=True
epoch 015/100: total=8.513245 box=0.386826 cls=0.757204 dfl=0.984281 grad=10.290766 old_rows=True unrelated=True
epoch 016/100: total=8.056148 box=0.355201 cls=0.699814 dfl=0.959022 grad=8.292553 old_rows=True unrelated=True
epoch 017/100: total=8.149599 box=0.363861 cls=0.708717 dfl=0.964821 grad=9.206228 old_rows=True unrelated=True
epoch 018/100: total=7.681493 box=0.328871 cls=0.648224 dfl=0.943278 grad=6.167632 old_rows=True unrelated=True
epoch 019/100: total=7.919171 box=0.350045 cls=0.668861 dfl=0.960887 grad=13.781192 old_rows=True unrelated=True
epoch 020/100: total=8.382673 box=0.383122 cls=0.732983 dfl=0.979564 grad=11.205162 old_rows=True unrelated=True
epoch 021/100: total=7.940093 box=0.348348 cls=0.679360 dfl=0.957315 grad=10.586046 old_rows=True unrelated=True
epoch 022/100: total=8.166281 box=0.371506 cls=0.701858 dfl=0.968206 grad=9.895678 old_rows=True unrelated=True
epoch 023/100: total=7.917077 box=0.353307 cls=0.669222 dfl=0.956740 grad=6.093682 old_rows=True unrelated=True
epoch 024/100: total=8.070361 box=0.363862 cls=0.685661 dfl=0.968068 grad=10.216083 old_rows=True unrelated=True
epoch 025/100: total=8.203367 box=0.368105 cls=0.711998 dfl=0.970738 grad=10.322371 old_rows=True unrelated=True
epoch 026/100: total=7.725660 box=0.336252 cls=0.648908 dfl=0.946256 grad=6.951895 old_rows=True unrelated=True
epoch 027/100: total=7.788501 box=0.340265 cls=0.659603 dfl=0.947256 grad=7.347061 old_rows=True unrelated=True
epoch 028/100: total=7.910413 box=0.346578 cls=0.673074 dfl=0.957951 grad=4.980106 old_rows=True unrelated=True
epoch 029/100: total=8.237495 box=0.369128 cls=0.725277 dfl=0.964969 grad=11.352368 old_rows=True unrelated=True
epoch 030/100: total=8.182899 box=0.375385 cls=0.691937 dfl=0.978402 grad=8.684383 old_rows=True unrelated=True
epoch 031/100: total=7.854301 box=0.343456 cls=0.669886 dfl=0.950233 grad=6.926746 old_rows=True unrelated=True
epoch 032/100: total=8.138515 box=0.367436 cls=0.700736 dfl=0.966456 grad=9.935039 old_rows=True unrelated=True
epoch 033/100: total=7.775701 box=0.344884 cls=0.641733 dfl=0.957308 grad=7.089710 old_rows=True unrelated=True
epoch 034/100: total=7.944509 box=0.355077 cls=0.667904 dfl=0.963146 grad=7.930061 old_rows=True unrelated=True
epoch 035/100: total=8.371157 box=0.386692 cls=0.731994 dfl=0.974104 grad=9.010073 old_rows=True unrelated=True
epoch 036/100: total=7.630917 box=0.335759 cls=0.620817 dfl=0.951154 grad=7.736289 old_rows=True unrelated=True
epoch 037/100: total=8.241617 box=0.381506 cls=0.700447 dfl=0.978452 grad=12.459344 old_rows=True unrelated=True
epoch 038/100: total=7.994674 box=0.362260 cls=0.665224 dfl=0.971184 grad=7.753914 old_rows=True unrelated=True
epoch 039/100: total=7.702565 box=0.337684 cls=0.640499 dfl=0.947458 grad=5.067789 old_rows=True unrelated=True
epoch 040/100: total=7.886794 box=0.357533 cls=0.651704 dfl=0.962461 grad=7.214108 old_rows=True unrelated=True
epoch 041/100: total=8.020774 box=0.364487 cls=0.671042 dfl=0.969665 grad=7.640813 old_rows=True unrelated=True
epoch 042/100: total=7.940417 box=0.358038 cls=0.664212 dfl=0.962855 grad=10.385585 old_rows=True unrelated=True
epoch 043/100: total=7.905432 box=0.350486 cls=0.665570 dfl=0.960301 grad=6.786760 old_rows=True unrelated=True
epoch 044/100: total=7.911623 box=0.356416 cls=0.659685 dfl=0.961805 grad=7.517401 old_rows=True unrelated=True
epoch 045/100: total=7.866769 box=0.355233 cls=0.647469 dfl=0.963991 grad=6.023769 old_rows=True unrelated=True
epoch 046/100: total=8.108461 box=0.366945 cls=0.693475 dfl=0.966695 grad=6.245358 old_rows=True unrelated=True
epoch 047/100: total=7.962898 box=0.359925 cls=0.666565 dfl=0.964234 grad=8.991967 old_rows=True unrelated=True
epoch 048/100: total=7.935526 box=0.361266 cls=0.658121 dfl=0.964495 grad=14.437015 old_rows=True unrelated=True
epoch 049/100: total=7.836400 box=0.351657 cls=0.644577 dfl=0.962866 grad=8.046642 old_rows=True unrelated=True
epoch 050/100: total=8.711191 box=0.398216 cls=0.795124 dfl=0.984458 grad=17.241164 old_rows=True unrelated=True
epoch 051/100: total=8.372776 box=0.389681 cls=0.720991 dfl=0.982523 grad=9.435812 old_rows=True unrelated=True
epoch 052/100: total=7.801134 box=0.348187 cls=0.637173 dfl=0.964923 grad=5.750787 old_rows=True unrelated=True
epoch 053/100: total=8.070152 box=0.362271 cls=0.687054 dfl=0.968213 grad=10.614954 old_rows=True unrelated=True
epoch 054/100: total=8.189454 box=0.372720 cls=0.696910 dfl=0.977733 grad=12.810422 old_rows=True unrelated=True
epoch 055/100: total=8.092826 box=0.366343 cls=0.691220 dfl=0.965644 grad=12.258285 old_rows=True unrelated=True
epoch 056/100: total=7.924928 box=0.354695 cls=0.667669 dfl=0.958868 grad=9.261136 old_rows=True unrelated=True
epoch 057/100: total=7.776039 box=0.350580 cls=0.632034 dfl=0.961396 grad=5.329818 old_rows=True unrelated=True
epoch 058/100: total=7.934360 box=0.360873 cls=0.660678 dfl=0.962039 grad=4.984198 old_rows=True unrelated=True
epoch 059/100: total=8.172443 box=0.376476 cls=0.689689 dfl=0.976946 grad=10.965650 old_rows=True unrelated=True
epoch 060/100: total=8.540489 box=0.404881 cls=0.729643 dfl=1.000598 grad=16.076172 old_rows=True unrelated=True
epoch 061/100: total=7.777573 box=0.349970 cls=0.636360 dfl=0.958064 grad=6.727604 old_rows=True unrelated=True
epoch 062/100: total=7.729594 box=0.344781 cls=0.632764 dfl=0.954853 grad=8.730453 old_rows=True unrelated=True
epoch 063/100: total=7.709816 box=0.344846 cls=0.629747 dfl=0.952861 grad=9.013512 old_rows=True unrelated=True
epoch 064/100: total=7.845141 box=0.354855 cls=0.642155 dfl=0.964276 grad=11.006087 old_rows=True unrelated=True
epoch 065/100: total=8.282051 box=0.383104 cls=0.702704 dfl=0.984705 grad=12.327892 old_rows=True unrelated=True
epoch 066/100: total=8.132692 box=0.373808 cls=0.682249 dfl=0.977117 grad=7.777670 old_rows=True unrelated=True
epoch 067/100: total=7.606918 box=0.334849 cls=0.623470 dfl=0.943410 grad=4.496212 old_rows=True unrelated=True
epoch 068/100: total=8.508869 box=0.394339 cls=0.737023 dfl=0.995855 grad=37.548550 old_rows=True unrelated=True
epoch 069/100: total=7.717539 box=0.337019 cls=0.639048 dfl=0.953318 grad=7.399246 old_rows=True unrelated=True
epoch 070/100: total=7.899544 box=0.360154 cls=0.646510 dfl=0.968223 grad=8.288194 old_rows=True unrelated=True
epoch 071/100: total=7.852549 box=0.356416 cls=0.646309 dfl=0.960412 grad=8.808050 old_rows=True unrelated=True
epoch 072/100: total=8.157785 box=0.380918 cls=0.681787 dfl=0.976741 grad=15.593829 old_rows=True unrelated=True
epoch 073/100: total=7.858930 box=0.358128 cls=0.642188 dfl=0.964416 grad=6.170776 old_rows=True unrelated=True
epoch 074/100: total=7.861221 box=0.355452 cls=0.647924 dfl=0.961929 grad=9.006607 old_rows=True unrelated=True
epoch 075/100: total=7.650929 box=0.341577 cls=0.620381 dfl=0.950774 grad=7.024181 old_rows=True unrelated=True
epoch 076/100: total=7.800127 box=0.351162 cls=0.639904 dfl=0.958965 grad=9.349426 old_rows=True unrelated=True
epoch 077/100: total=8.031496 box=0.368262 cls=0.668129 dfl=0.971483 grad=8.965684 old_rows=True unrelated=True
epoch 078/100: total=8.018736 box=0.369523 cls=0.662635 dfl=0.972526 grad=10.346478 old_rows=True unrelated=True
epoch 079/100: total=8.085642 box=0.372672 cls=0.668022 dfl=0.980716 grad=9.645453 old_rows=True unrelated=True
epoch 080/100: total=8.324851 box=0.388903 cls=0.708525 dfl=0.983785 grad=18.205243 old_rows=True unrelated=True
epoch 081/100: total=7.834502 box=0.352466 cls=0.644971 dfl=0.961188 grad=7.233592 old_rows=True unrelated=True
epoch 082/100: total=8.154707 box=0.372272 cls=0.685225 dfl=0.981180 grad=11.817375 old_rows=True unrelated=True
epoch 083/100: total=8.185531 box=0.377483 cls=0.693693 dfl=0.975207 grad=9.908687 old_rows=True unrelated=True
epoch 084/100: total=7.813809 box=0.355348 cls=0.633652 dfl=0.964453 grad=9.063403 old_rows=True unrelated=True
epoch 085/100: total=7.801588 box=0.353306 cls=0.640926 dfl=0.956166 grad=6.959706 old_rows=True unrelated=True
epoch 086/100: total=7.868961 box=0.352367 cls=0.656517 dfl=0.958356 grad=9.674282 old_rows=True unrelated=True
epoch 087/100: total=8.396761 box=0.409094 cls=0.696700 dfl=0.993397 grad=10.332569 old_rows=True unrelated=True
epoch 088/100: total=7.605654 box=0.336347 cls=0.611241 dfl=0.953825 grad=6.514713 old_rows=True unrelated=True
epoch 089/100: total=7.809728 box=0.354129 cls=0.637459 dfl=0.960843 grad=7.056345 old_rows=True unrelated=True
epoch 090/100: total=8.327742 box=0.391293 cls=0.705442 dfl=0.985200 grad=6.689120 old_rows=True unrelated=True
epoch 091/100: total=7.822637 box=0.348821 cls=0.644872 dfl=0.961965 grad=8.394533 old_rows=True unrelated=True
epoch 092/100: total=8.292527 box=0.390472 cls=0.706008 dfl=0.976652 grad=16.150763 old_rows=True unrelated=True
epoch 093/100: total=8.020728 box=0.375716 cls=0.643315 dfl=0.986151 grad=16.117260 old_rows=True unrelated=True
epoch 094/100: total=7.797633 box=0.352175 cls=0.635483 dfl=0.961750 grad=8.937995 old_rows=True unrelated=True
epoch 095/100: total=8.320279 box=0.395836 cls=0.685420 dfl=0.998814 grad=9.740433 old_rows=True unrelated=True
epoch 096/100: total=7.728307 box=0.353650 cls=0.620855 dfl=0.957571 grad=6.548059 old_rows=True unrelated=True
epoch 097/100: total=7.809517 box=0.356951 cls=0.626400 dfl=0.969028 grad=9.807975 old_rows=True unrelated=True
epoch 098/100: total=8.028740 box=0.367231 cls=0.670238 dfl=0.969716 grad=8.489341 old_rows=True unrelated=True
epoch 099/100: total=7.867719 box=0.353859 cls=0.646868 dfl=0.966203 grad=7.413010 old_rows=True unrelated=True
epoch 100/100: total=7.751373 box=0.349540 cls=0.631755 dfl=0.956548 grad=10.367092 old_rows=True unrelated=True

[RELOAD FINAL CHECKPOINT AND PROBE]
{
  "wrapper_type": "ultralytics.models.yolo.model.YOLOE",
  "model_class": "ultralytics.nn.tasks.YOLOESegModel",
  "task": {
    "wrapper.task": "segment",
    "inner.task": "segment",
    "inner.args.task": "segment"
  },
  "head": "ultralytics.nn.modules.head.YOLOESegment",
  "nc": 4,
  "no": 68,
  "is_fused": true,
  "pe_shape": [
    1,
    4,
    512
  ],
  "score_channels_seen": [
    4
  ],
  "names": {
    "0": "ship",
    "1": "harbor",
    "2": "tank",
    "3": "bridge"
  },
  "total_params": 11791644,
  "trainable_params": 1548
}

[FINAL SHIP EXTERNAL]
RGB: GT=212 pred=229 TP/FP/FN=204/25/8 P=0.890830 R=0.962264 AP50=0.950989
SAR: GT=145 pred=161 TP/FP/FN=133/28/12 P=0.826087 R=0.917241 AP50=0.897227
IR: GT=337 pred=359 TP/FP/FN=315/44/22 P=0.877437 R=0.934718 AP50=0.915542
ALL: GT=694 pred=749 TP/FP/FN=652/97/42 P=0.870494 R=0.939481 AP50=0.921346

[FINAL BRIDGE EXTERNAL: GT 1 <- INTERNAL PRED 3]
RGB: GT=204 pred=0 TP/FP/FN=0/0/204 P=0.000000 R=0.000000 AP50=0.000000
SAR: GT=121 pred=6 TP/FP/FN=0/6/121 P=0.000000 R=0.000000 AP50=0.000000
IR: GT=106 pred=0 TP/FP/FN=0/0/106 P=0.000000 R=0.000000 AP50=0.000000
ALL: GT=431 pred=6 TP/FP/FN=0/6/431 P=0.000000 R=0.000000 AP50=0.000000

[SUMMARY] C:\Users\DOCTOR\Documents\GitHub\YOLOv8\runs\train\yoloeseg_global4_boxonly_100ep_summary.json
